
==========================================================================
croc.area area by hierarchy
--------------------------------------------------------------------------

--------------------------------------------------------------------------------
Design Area Summary
--------------------------------------------------------------------------------
Die Area:              4068289.0 um2
Core Area:             2513332.2816 um2
Total Area:            3018194.9216 um2
Total Active Area:     1381954.9216 um2

Core Utilization:      0.5498496683933255
Std Cell Utilization:  0.47146968205715467

--------------------------------------------------------------------------------
Hierarchical Area Report
--------------------------------------------------------------------------------
                                                                                Global Area (um^2)                                                              Global Instances                                                                Local Area (um^2)                                                               Local Instances
                                                                                ------------------------------------------------------------------------------- ------------------------------------------------------------------------------- ------------------------------------------------------------------------------- ----------------------------------------------------------------------------
Hierarchy Name                                                                  Total           StdCell         Macro           Cover           Pad             Total           StdCell         Macro           Cover           Pad             Total           StdCell         Macro           Cover           Pad             Total           StdCell         Macro           Cover           Pad             
-----------------------------------------------------------------------------------------------------------------------------------------------------------------------------------------------------------------------------------------------------------------------------------------------------------------------------------------------------------------------------------------------------------
<top>                                                                           3018194.922     1009232.784     372722.138      313600.000      1322640.000     66763           66491           4               64              204             1853283.971     217043.971      0.000           313600.000      1322640.000     19292           19024           0               64              204             
  i_croc_soc                                                                    1164910.950     792188.813      372722.138      0.000           0.000           47471           47467           4               0               0               9293.357        9293.357        0.000           0.000           0.000           771             771             0               0               0               
    i_croc                                                                      1096794.746     724072.608      372722.138      0.000           0.000           42789           42785           4               0               0               57663.446       57663.446       0.000           0.000           0.000           4455            4455            0               0               0               
      gen_sram_bank\[0\].i_sram                                                 95016.707       1836.173        93180.534       0.000           0.000           186             185             1               0               0               95016.707       1836.173        93180.534       0.000           0.000           186             185             1               0               0               
      gen_sram_bank\[1\].i_sram                                                 95016.707       1836.173        93180.534       0.000           0.000           186             185             1               0               0               95016.707       1836.173        93180.534       0.000           0.000           186             185             1               0               0               
      gen_sram_bank\[2\].i_sram                                                 95016.707       1836.173        93180.534       0.000           0.000           186             185             1               0               0               95016.707       1836.173        93180.534       0.000           0.000           186             185             1               0               0               
      gen_sram_bank\[3\].i_sram                                                 95013.078       1832.544        93180.534       0.000           0.000           186             185             1               0               0               95013.078       1832.544        93180.534       0.000           0.000           186             185             1               0               0               
      i_bootrom                                                                 188.698         188.698         0.000           0.000           0.000           4               4               0               0               0               188.698         188.698         0.000           0.000           0.000           4               4               0               0               0               
      i_core_data_req_blocker                                                   1039.651        1039.651        0.000           0.000           0.000           92              92              0               0               0               1039.651        1039.651        0.000           0.000           0.000           92              92              0               0               0               
      i_core_instr_req_blocker                                                  1188.432        1188.432        0.000           0.000           0.000           129             129             0               0               0               1188.432        1188.432        0.000           0.000           0.000           129             129             0               0               0               
      i_core_wrap                                                               321449.990      321449.990      0.000           0.000           0.000           21593           21593           0               0               0               174499.920      174499.920      0.000           0.000           0.000           14652           14652           0               0               0               
      i_dm_top.i_dm_top                                                         74199.888       74199.888       0.000           0.000           0.000           4627            4627            0               0               0               74199.888       74199.888       0.000           0.000           0.000           4627            4627            0               0               0               
      i_dmi_jtag                                                                39074.918       39074.918       0.000           0.000           0.000           2186            2186            0               0               0               15393.370       15393.370       0.000           0.000           0.000           998             998             0               0               0               
      i_gpio                                                                    27535.334       27535.334       0.000           0.000           0.000           1347            1347            0               0               0               24341.990       24341.990       0.000           0.000           0.000           1283            1283            0               0               0                            
      i_periph_obi_cut                                                          16356.816       16356.816       0.000           0.000           0.000           530             530             0               0               0               16356.816       16356.816       0.000           0.000           0.000           530             530             0               0               0               
      i_soc_ctrl                                                                13450.147       13450.147       0.000           0.000           0.000           580             580             0               0               0               13450.147       13450.147       0.000           0.000           0.000           580             580             0               0               0               
      i_timer                                                                   27930.874       27930.874       0.000           0.000           0.000           1592            1592            0               0               0               27930.874       27930.874       0.000           0.000           0.000           1592            1592            0               0               0               
      i_uart                                                                    120517.891      120517.891      0.000           0.000           0.000           4379            4379            0               0               0               120517.891      120517.891      0.000           0.000           0.000           4379            4379            0               0               0               
      i_user_obi_cut                                                            16135.459       16135.459       0.000           0.000           0.000           531             531             0               0               0               16135.459       16135.459       0.000           0.000           0.000           531             531             0               0               0               
    i_ext_intr_sync                                                             101.606         101.606         0.000           0.000           0.000           2               2               0               0               0               101.606         101.606         0.000           0.000           0.000           2               2               0               0               0               
    i_rstgen.i_rstgen_bypass.i_tc_clk_mux2_init_no                              32.659          32.659          0.000           0.000           0.000           3               3               0               0               0               32.659          32.659          0.000           0.000           0.000           3               3               0               0               0               
    i_rstgen.i_rstgen_bypass.i_tc_clk_mux2_rst_n                                27.216          27.216          0.000           0.000           0.000           2               2               0               0               0               27.216          27.216          0.000           0.000           0.000           2               2               0               0               0               
    i_rstgen.i_rstgen_bypass.i_tc_clk_mux2_rst_no                               27.216          27.216          0.000           0.000           0.000           2               2               0               0               0               27.216          27.216          0.000           0.000           0.000           2               2               0               0               0               
    i_user.i_block_swap_ctrl                                                    6230.650        6230.650        0.000           0.000           0.000           463             463             0               0               0               6230.650        6230.650        0.000           0.000           0.000           463             463             0               0               0               
    i_user.i_req_blocker_ctrl                                                   31585.075       31585.075       0.000           0.000           0.000           1776            1776            0               0               0               31585.075       31585.075       0.000           0.000           0.000           1776            1776            0               0               0               
    i_user.i_user_block_swap_config                                             344.736         344.736         0.000           0.000           0.000           11              11              0               0               0               344.736         344.736         0.000           0.000           0.000           11              11              0               0               0               
    i_user.i_user_rom                                                           898.128         898.128         0.000           0.000           0.000           68              68              0               0               0               898.128         898.128         0.000           0.000           0.000           68              68              0               0               0               
    i_user.i_user_transparentspi                                                19575.562       19575.562       0.000           0.000           0.000           1584            1584            0               0               0               19575.562       19575.562       0.000           0.000           0.000           1584            1584            0               0               0               
