#-----------------------------------------------------------
# Vivado v2023.2 (64-bit)
# SW Build 4029153 on Fri Oct 13 20:13:54 MDT 2023
# IP Build 4028589 on Sat Oct 14 00:45:43 MDT 2023
# SharedData Build 4025554 on Tue Oct 10 17:18:54 MDT 2023
# Start of session at: Mon Jun 16 17:06:04 2025
# Process ID: 1598648
# Current directory: /usr/scratch/badile38/sem25f15/tspi_croc/zybo/vivado
# Command line: vivado -mode tcl -source /usr/scratch/badile38/sem25f15/tspi_croc/zybo/scripts/flow.tcl
# Log file: /usr/scratch/badile38/sem25f15/tspi_croc/zybo/vivado/vivado.log
# Journal file: /usr/scratch/badile38/sem25f15/tspi_croc/zybo/vivado/vivado.jou
# Running On: badile39.ee.ethz.ch, OS: Linux, CPU Frequency: 600.000 MHz, CPU Physical cores: 24, Host memory: 64780 MB
#-----------------------------------------------------------
source /usr/scratch/badile38/sem25f15/tspi_croc/zybo/scripts/flow.tcl
start_gui
update_compile_order -fileset sources_1
create_ip -name clk_wiz -vendor xilinx.com -library ip -version 6.0 -module_name clk_wiz_0
set_property -dict [list \
  CONFIG.CLKIN1_JITTER_PS {80.000} \
  CONFIG.CLKIN1_UI_JITTER {80.000} \
  CONFIG.CLKIN2_JITTER_PS {100.000} \
  CONFIG.CLKIN2_UI_JITTER {100.000} \
  CONFIG.CLKOUT1_JITTER {283.436} \
  CONFIG.CLKOUT1_PHASE_ERROR {133.882} \
  CONFIG.CLKOUT1_REQUESTED_OUT_FREQ {10.000} \
  CONFIG.JITTER_OPTIONS {PS} \
  CONFIG.MMCM_CLKFBOUT_MULT_F {15.625} \
  CONFIG.MMCM_CLKOUT0_DIVIDE_F {78.125} \
  CONFIG.MMCM_DIVCLK_DIVIDE {2} \
  CONFIG.MMCM_REF_JITTER1 {0.008} \
  CONFIG.MMCM_REF_JITTER2 {0.010} \
] [get_ips clk_wiz_0]
generate_target {instantiation_template} [get_files /usr/scratch/badile38/sem25f15/tspi_croc/zybo/vivado/test.srcs/sources_1/ip/clk_wiz_0/clk_wiz_0.xci]
generate_target all [get_files  /usr/scratch/badile38/sem25f15/tspi_croc/zybo/vivado/test.srcs/sources_1/ip/clk_wiz_0/clk_wiz_0.xci]
catch { config_ip_cache -export [get_ips -all clk_wiz_0] }
export_ip_user_files -of_objects [get_files /usr/scratch/badile38/sem25f15/tspi_croc/zybo/vivado/test.srcs/sources_1/ip/clk_wiz_0/clk_wiz_0.xci] -no_script -sync -force -quiet
create_ip_run [get_files -of_objects [get_fileset sources_1] /usr/scratch/badile38/sem25f15/tspi_croc/zybo/vivado/test.srcs/sources_1/ip/clk_wiz_0/clk_wiz_0.xci]
launch_runs clk_wiz_0_synth_1 -jobs 24
wait_on_run clk_wiz_0_synth_1
export_simulation -of_objects [get_files /usr/scratch/badile38/sem25f15/tspi_croc/zybo/vivado/test.srcs/sources_1/ip/clk_wiz_0/clk_wiz_0.xci] -directory /usr/scratch/badile38/sem25f15/tspi_croc/zybo/vivado/test.ip_user_files/sim_scripts -ip_user_files_dir /usr/scratch/badile38/sem25f15/tspi_croc/zybo/vivado/test.ip_user_files -ipstatic_source_dir /usr/scratch/badile38/sem25f15/tspi_croc/zybo/vivado/test.ip_user_files/ipstatic -lib_map_path [list {modelsim=/usr/scratch/badile38/sem25f15/tspi_croc/zybo/vivado/test.cache/compile_simlib/modelsim} {questa=/usr/scratch/badile38/sem25f15/tspi_croc/zybo/vivado/test.cache/compile_simlib/questa} {xcelium=/usr/scratch/badile38/sem25f15/tspi_croc/zybo/vivado/test.cache/compile_simlib/xcelium} {vcs=/usr/scratch/badile38/sem25f15/tspi_croc/zybo/vivado/test.cache/compile_simlib/vcs} {riviera=/usr/scratch/badile38/sem25f15/tspi_croc/zybo/vivado/test.cache/compile_simlib/riviera}] -use_ip_compiled_libs -force -quiet
launch_runs impl_1 -to_step write_bitstream -jobs 24
wait_on_run impl_1
open_run impl_1
open_hw_manager
connect_hw_server -allow_non_jtag
open_hw_target
set_property PROGRAM.FILE {/usr/scratch/badile38/sem25f15/tspi_croc/zybo/vivado/test.runs/impl_1/croc_xilinx.bit} [get_hw_devices xc7z020_1]
current_hw_device [get_hw_devices xc7z020_1]
refresh_hw_device -update_hw_probes false [lindex [get_hw_devices xc7z020_1] 0]
set_property PROBES.FILE {} [get_hw_devices xc7z020_1]
set_property FULL_PROBES.FILE {} [get_hw_devices xc7z020_1]
set_property PROGRAM.FILE {/usr/scratch/badile38/sem25f15/tspi_croc/zybo/vivado/test.runs/impl_1/croc_xilinx.bit} [get_hw_devices xc7z020_1]
program_hw_devices [get_hw_devices xc7z020_1]
refresh_hw_device [lindex [get_hw_devices xc7z020_1] 0]
refresh_hw_device [lindex [get_hw_devices xc7z020_1] 0]
set_property PROBES.FILE {} [get_hw_devices xc7z020_1]
set_property FULL_PROBES.FILE {} [get_hw_devices xc7z020_1]
set_property PROGRAM.FILE {/usr/scratch/badile38/sem25f15/tspi_croc/zybo/vivado/test.runs/impl_1/croc_xilinx.bit} [get_hw_devices xc7z020_1]
program_hw_devices [get_hw_devices xc7z020_1]
refresh_hw_device [lindex [get_hw_devices xc7z020_1] 0]
set_property PROBES.FILE {} [get_hw_devices xc7z020_1]
set_property FULL_PROBES.FILE {} [get_hw_devices xc7z020_1]
set_property PROGRAM.FILE {/usr/scratch/badile38/sem25f15/tspi_croc/zybo/vivado/test.runs/impl_1/croc_xilinx.bit} [get_hw_devices xc7z020_1]
program_hw_devices [get_hw_devices xc7z020_1]
refresh_hw_device [lindex [get_hw_devices xc7z020_1] 0]
set_property PROBES.FILE {} [get_hw_devices xc7z020_1]
set_property FULL_PROBES.FILE {} [get_hw_devices xc7z020_1]
set_property PROGRAM.FILE {/usr/scratch/badile38/sem25f15/tspi_croc/zybo/vivado/test.runs/impl_1/croc_xilinx.bit} [get_hw_devices xc7z020_1]
program_hw_devices [get_hw_devices xc7z020_1]
refresh_hw_device [lindex [get_hw_devices xc7z020_1] 0]
set_property PROBES.FILE {} [get_hw_devices xc7z020_1]
set_property FULL_PROBES.FILE {} [get_hw_devices xc7z020_1]
set_property PROGRAM.FILE {/usr/scratch/badile38/sem25f15/tspi_croc/zybo/vivado/test.runs/impl_1/croc_xilinx.bit} [get_hw_devices xc7z020_1]
program_hw_devices [get_hw_devices xc7z020_1]
refresh_hw_device [lindex [get_hw_devices xc7z020_1] 0]
set_property PROBES.FILE {} [get_hw_devices xc7z020_1]
set_property FULL_PROBES.FILE {} [get_hw_devices xc7z020_1]
set_property PROGRAM.FILE {/usr/scratch/badile38/sem25f15/tspi_croc/zybo/vivado/test.runs/impl_1/croc_xilinx.bit} [get_hw_devices xc7z020_1]
program_hw_devices [get_hw_devices xc7z020_1]
refresh_hw_device [lindex [get_hw_devices xc7z020_1] 0]
reset_run synth_1
launch_runs impl_1 -to_step write_bitstream -jobs 24
wait_on_run impl_1
set_property PROBES.FILE {} [get_hw_devices xc7z020_1]
set_property FULL_PROBES.FILE {} [get_hw_devices xc7z020_1]
set_property PROGRAM.FILE {/usr/scratch/badile38/sem25f15/tspi_croc/zybo/vivado/test.runs/impl_1/croc_xilinx.bit} [get_hw_devices xc7z020_1]
program_hw_devices [get_hw_devices xc7z020_1]
refresh_hw_device [lindex [get_hw_devices xc7z020_1] 0]
reset_run synth_1
launch_runs impl_1 -to_step write_bitstream -jobs 24
wait_on_run impl_1
set_property PROBES.FILE {} [get_hw_devices xc7z020_1]
set_property FULL_PROBES.FILE {} [get_hw_devices xc7z020_1]
set_property PROGRAM.FILE {/usr/scratch/badile38/sem25f15/tspi_croc/zybo/vivado/test.runs/impl_1/croc_xilinx.bit} [get_hw_devices xc7z020_1]
program_hw_devices [get_hw_devices xc7z020_1]
refresh_hw_device [lindex [get_hw_devices xc7z020_1] 0]
set_property PROBES.FILE {} [get_hw_devices xc7z020_1]
set_property FULL_PROBES.FILE {} [get_hw_devices xc7z020_1]
set_property PROGRAM.FILE {/usr/scratch/badile38/sem25f15/tspi_croc/zybo/vivado/test.runs/impl_1/croc_xilinx.bit} [get_hw_devices xc7z020_1]
program_hw_devices [get_hw_devices xc7z020_1]
refresh_hw_device [lindex [get_hw_devices xc7z020_1] 0]
set_property PROBES.FILE {} [get_hw_devices xc7z020_1]
set_property FULL_PROBES.FILE {} [get_hw_devices xc7z020_1]
set_property PROGRAM.FILE {/usr/scratch/badile38/sem25f15/tspi_croc/zybo/vivado/test.runs/impl_1/croc_xilinx.bit} [get_hw_devices xc7z020_1]
program_hw_devices [get_hw_devices xc7z020_1]
refresh_hw_device [lindex [get_hw_devices xc7z020_1] 0]
set_property PROBES.FILE {} [get_hw_devices xc7z020_1]
set_property FULL_PROBES.FILE {} [get_hw_devices xc7z020_1]
set_property PROGRAM.FILE {/usr/scratch/badile38/sem25f15/tspi_croc/zybo/vivado/test.runs/impl_1/croc_xilinx.bit} [get_hw_devices xc7z020_1]
program_hw_devices [get_hw_devices xc7z020_1]
refresh_hw_device [lindex [get_hw_devices xc7z020_1] 0]
set_property PROBES.FILE {} [get_hw_devices xc7z020_1]
set_property FULL_PROBES.FILE {} [get_hw_devices xc7z020_1]
set_property PROGRAM.FILE {/usr/scratch/badile38/sem25f15/tspi_croc/zybo/vivado/test.runs/impl_1/croc_xilinx.bit} [get_hw_devices xc7z020_1]
program_hw_devices [get_hw_devices xc7z020_1]
refresh_hw_device [lindex [get_hw_devices xc7z020_1] 0]
set_property PROBES.FILE {} [get_hw_devices xc7z020_1]
set_property FULL_PROBES.FILE {} [get_hw_devices xc7z020_1]
set_property PROGRAM.FILE {/usr/scratch/badile38/sem25f15/tspi_croc/zybo/vivado/test.runs/impl_1/croc_xilinx.bit} [get_hw_devices xc7z020_1]
program_hw_devices [get_hw_devices xc7z020_1]
refresh_hw_device [lindex [get_hw_devices xc7z020_1] 0]
set_property PROBES.FILE {} [get_hw_devices xc7z020_1]
set_property FULL_PROBES.FILE {} [get_hw_devices xc7z020_1]
set_property PROGRAM.FILE {/usr/scratch/badile38/sem25f15/tspi_croc/zybo/vivado/test.runs/impl_1/croc_xilinx.bit} [get_hw_devices xc7z020_1]
program_hw_devices [get_hw_devices xc7z020_1]
refresh_hw_device [lindex [get_hw_devices xc7z020_1] 0]
set_property PROBES.FILE {} [get_hw_devices xc7z020_1]
set_property FULL_PROBES.FILE {} [get_hw_devices xc7z020_1]
set_property PROGRAM.FILE {/usr/scratch/badile38/sem25f15/tspi_croc/zybo/vivado/test.runs/impl_1/croc_xilinx.bit} [get_hw_devices xc7z020_1]
program_hw_devices [get_hw_devices xc7z020_1]
refresh_hw_device [lindex [get_hw_devices xc7z020_1] 0]
set_property PROBES.FILE {} [get_hw_devices xc7z020_1]
set_property FULL_PROBES.FILE {} [get_hw_devices xc7z020_1]
set_property PROGRAM.FILE {/usr/scratch/badile38/sem25f15/tspi_croc/zybo/vivado/test.runs/impl_1/croc_xilinx.bit} [get_hw_devices xc7z020_1]
program_hw_devices [get_hw_devices xc7z020_1]
refresh_hw_device [lindex [get_hw_devices xc7z020_1] 0]
set_property PROBES.FILE {} [get_hw_devices xc7z020_1]
set_property FULL_PROBES.FILE {} [get_hw_devices xc7z020_1]
set_property PROGRAM.FILE {/usr/scratch/badile38/sem25f15/tspi_croc/zybo/vivado/test.runs/impl_1/croc_xilinx.bit} [get_hw_devices xc7z020_1]
program_hw_devices [get_hw_devices xc7z020_1]
refresh_hw_device [lindex [get_hw_devices xc7z020_1] 0]
reset_run synth_1
launch_runs impl_1 -to_step write_bitstream -jobs 24
wait_on_run impl_1
set_property PROBES.FILE {} [get_hw_devices xc7z020_1]
set_property FULL_PROBES.FILE {} [get_hw_devices xc7z020_1]
set_property PROGRAM.FILE {/usr/scratch/badile38/sem25f15/tspi_croc/zybo/vivado/test.runs/impl_1/croc_xilinx.bit} [get_hw_devices xc7z020_1]
program_hw_devices [get_hw_devices xc7z020_1]
refresh_hw_device [lindex [get_hw_devices xc7z020_1] 0]
reset_run synth_1
launch_runs impl_1 -to_step write_bitstream -jobs 24
wait_on_run impl_1
set_property PROBES.FILE {} [get_hw_devices xc7z020_1]
set_property FULL_PROBES.FILE {} [get_hw_devices xc7z020_1]
set_property PROGRAM.FILE {/usr/scratch/badile38/sem25f15/tspi_croc/zybo/vivado/test.runs/impl_1/croc_xilinx.bit} [get_hw_devices xc7z020_1]
program_hw_devices [get_hw_devices xc7z020_1]
refresh_hw_device [lindex [get_hw_devices xc7z020_1] 0]
