Copyright 1986-2022 Xilinx, Inc. All Rights Reserved. Copyright 2022-2023 Advanced Micro Devices, Inc. All Rights Reserved.
---------------------------------------------------------------------------------------------------------------------------------------------
| Tool Version : Vivado v.2023.2 (lin64) Build 4029153 Fri Oct 13 20:13:54 MDT 2023
| Date         : Mon Jun 16 18:26:08 2025
| Host         : badile39.ee.ethz.ch running 64-bit AlmaLinux release 8.10 (Cerulean Leopard)
| Command      : report_drc -file croc_xilinx_drc_routed.rpt -pb croc_xilinx_drc_routed.pb -rpx croc_xilinx_drc_routed.rpx
| Design       : croc_xilinx
| Device       : xc7z020clg400-1
| Speed File   : -1
| Design State : Fully Routed
---------------------------------------------------------------------------------------------------------------------------------------------

Report DRC

Table of Contents
-----------------
1. REPORT SUMMARY
2. REPORT DETAILS

1. REPORT SUMMARY
-----------------
            Netlist: netlist
          Floorplan: design_1
      Design limits: <entire design considered>
           Ruledeck: default
             Max violations: <unlimited>
             Violations found: 27
+-----------+----------+----------------------------+------------+
| Rule      | Severity | Description                | Violations |
+-----------+----------+----------------------------+------------+
| CHECK-3   | Warning  | Report rule limit reached  | 1          |
| PDRC-153  | Warning  | Gated clock check          | 4          |
| PLCK-12   | Warning  | Clock Placer Checks        | 1          |
| REQP-1839 | Warning  | RAMB36 async control check | 20         |
| ZPS7-1    | Warning  | PS7 block required         | 1          |
+-----------+----------+----------------------------+------------+

2. REPORT DETAILS
-----------------
CHECK-3#1 Warning
Report rule limit reached  
REQP-1839 rule limit reached: 20 violations have been found.
Related violations: <none>

PDRC-153#1 Warning
Gated clock check  
Net i_croc_soc/i_croc/i_dm_top/i_dm_top/i_dm_csrs/config_reg_q_reg[block_swap_on]_rep_3 is a gated clock net sourced by a combinational pin i_croc_soc/i_croc/i_dm_top/i_dm_top/i_dm_csrs/block_swap_first_read_word_d_reg[7]_i_2/O, cell i_croc_soc/i_croc/i_dm_top/i_dm_top/i_dm_csrs/block_swap_first_read_word_d_reg[7]_i_2. This is not good design practice and will likely impact performance. For SLICE registers, for example, use the CE pin to control the loading of data.
Related violations: <none>

PDRC-153#2 Warning
Gated clock check  
Net i_croc_soc/i_user/i_user_transparentspi/i_counter/cnt_cmd_q_reg[7]_5 is a gated clock net sourced by a combinational pin i_croc_soc/i_user/i_user_transparentspi/i_counter/signal_next_write_data_o_reg_i_2/O, cell i_croc_soc/i_user/i_user_transparentspi/i_counter/signal_next_write_data_o_reg_i_2. This is not good design practice and will likely impact performance. For SLICE registers, for example, use the CE pin to control the loading of data.
Related violations: <none>

PDRC-153#3 Warning
Gated clock check  
Net i_croc_soc/i_user/i_user_transparentspi/i_counter/i_baudrate_counter/i_counter/counter_q_reg[4]_1 is a gated clock net sourced by a combinational pin i_croc_soc/i_user/i_user_transparentspi/i_counter/i_baudrate_counter/i_counter/counter_q[5]_i_3/O, cell i_croc_soc/i_user/i_user_transparentspi/i_counter/i_baudrate_counter/i_counter/counter_q[5]_i_3. This is not good design practice and will likely impact performance. For SLICE registers, for example, use the CE pin to control the loading of data.
Related violations: <none>

PDRC-153#4 Warning
Gated clock check  
Net i_croc_soc/i_user/i_user_transparentspi/i_counter/signal_next_read_data_o3_out is a gated clock net sourced by a combinational pin i_croc_soc/i_user/i_user_transparentspi/i_counter/signal_next_read_data_o_reg_i_2/O, cell i_croc_soc/i_user/i_user_transparentspi/i_counter/signal_next_read_data_o_reg_i_2. This is not good design practice and will likely impact performance. For SLICE registers, for example, use the CE pin to control the loading of data.
Related violations: <none>

PLCK-12#1 Warning
Clock Placer Checks  
Poor placement for routing between an IO pin and BUFG. 
Resolution: Poor placement of an IO pin and a BUFG has resulted in the router using a non-dedicated path between the two.  There are several things that could trigger this DRC, each of which can cause unpredictable clock insertion delays that result in poor timing.  This DRC could be caused by any of the following: (a) a clock port was placed on a pin that is not a CCIO-pin (b)the BUFG has not been placed in the same half of the device or SLR as the CCIO-pin (c) a single ended clock has been placed on the N-Side of a differential pair CCIO-pin.
 This is normally an ERROR but the CLOCK_DEDICATED_ROUTE constraint is set to FALSE allowing your design to continue. The use of this override is highly discouraged as it may lead to very poor timing results. It is recommended that this error condition be corrected in the design.

	jtag_tck_i_IBUF_inst (IBUF.O) is locked to V7
	i_croc_soc/i_croc/i_dmi_jtag/i_dmi_jtag_tap/i_dft_tck_mux/i_BUFGMUX (BUFGCTRL.I1) is provisionally placed by clockplacer on BUFGCTRL_X0Y7
	jtag_tck_i_IBUF_BUFG_inst (BUFG.I) is provisionally placed by clockplacer on BUFGCTRL_X0Y3

Related violations: <none>

REQP-1839#1 Warning
RAMB36 async control check  
The RAMB36E1 i_croc_soc/i_croc/gen_sram_bank[0].i_sram/i_tc_sram/gen_1_ports.i_xpm_memory_spram/xpm_memory_base_inst/gen_wr_a.gen_byte_narrow.for_mem_cols[1].mem_reg has an input control pin i_croc_soc/i_croc/gen_sram_bank[0].i_sram/i_tc_sram/gen_1_ports.i_xpm_memory_spram/xpm_memory_base_inst/gen_wr_a.gen_byte_narrow.for_mem_cols[1].mem_reg/ADDRARDADDR[13] (net: i_croc_soc/i_croc/gen_sram_bank[0].i_sram/i_tc_sram/gen_1_ports.i_xpm_memory_spram/xpm_memory_base_inst/addra[8]) which is driven by a register (i_croc_soc/i_croc/i_core_wrap/i_ibex/cs_registers_i/u_depc_csr/rdata_q_reg[20]) that has an active asychronous set or reset. This may cause corruption of the memory contents and/or read values when the set/reset is asserted and is not analyzed by the default static timing analysis. It is suggested to eliminate the use of a set/reset to registers driving this RAMB pin or else use a synchronous reset in which the assertion of the reset is timed by default.
Related violations: <none>

REQP-1839#2 Warning
RAMB36 async control check  
The RAMB36E1 i_croc_soc/i_croc/gen_sram_bank[0].i_sram/i_tc_sram/gen_1_ports.i_xpm_memory_spram/xpm_memory_base_inst/gen_wr_a.gen_byte_narrow.for_mem_cols[1].mem_reg has an input control pin i_croc_soc/i_croc/gen_sram_bank[0].i_sram/i_tc_sram/gen_1_ports.i_xpm_memory_spram/xpm_memory_base_inst/gen_wr_a.gen_byte_narrow.for_mem_cols[1].mem_reg/ADDRARDADDR[13] (net: i_croc_soc/i_croc/gen_sram_bank[0].i_sram/i_tc_sram/gen_1_ports.i_xpm_memory_spram/xpm_memory_base_inst/addra[8]) which is driven by a register (i_croc_soc/i_croc/i_core_wrap/i_ibex/cs_registers_i/u_depc_csr/rdata_q_reg[22]) that has an active asychronous set or reset. This may cause corruption of the memory contents and/or read values when the set/reset is asserted and is not analyzed by the default static timing analysis. It is suggested to eliminate the use of a set/reset to registers driving this RAMB pin or else use a synchronous reset in which the assertion of the reset is timed by default.
Related violations: <none>

REQP-1839#3 Warning
RAMB36 async control check  
The RAMB36E1 i_croc_soc/i_croc/gen_sram_bank[0].i_sram/i_tc_sram/gen_1_ports.i_xpm_memory_spram/xpm_memory_base_inst/gen_wr_a.gen_byte_narrow.for_mem_cols[1].mem_reg has an input control pin i_croc_soc/i_croc/gen_sram_bank[0].i_sram/i_tc_sram/gen_1_ports.i_xpm_memory_spram/xpm_memory_base_inst/gen_wr_a.gen_byte_narrow.for_mem_cols[1].mem_reg/ADDRARDADDR[13] (net: i_croc_soc/i_croc/gen_sram_bank[0].i_sram/i_tc_sram/gen_1_ports.i_xpm_memory_spram/xpm_memory_base_inst/addra[8]) which is driven by a register (i_croc_soc/i_croc/i_core_wrap/i_ibex/cs_registers_i/u_depc_csr/rdata_q_reg[23]) that has an active asychronous set or reset. This may cause corruption of the memory contents and/or read values when the set/reset is asserted and is not analyzed by the default static timing analysis. It is suggested to eliminate the use of a set/reset to registers driving this RAMB pin or else use a synchronous reset in which the assertion of the reset is timed by default.
Related violations: <none>

REQP-1839#4 Warning
RAMB36 async control check  
The RAMB36E1 i_croc_soc/i_croc/gen_sram_bank[0].i_sram/i_tc_sram/gen_1_ports.i_xpm_memory_spram/xpm_memory_base_inst/gen_wr_a.gen_byte_narrow.for_mem_cols[1].mem_reg has an input control pin i_croc_soc/i_croc/gen_sram_bank[0].i_sram/i_tc_sram/gen_1_ports.i_xpm_memory_spram/xpm_memory_base_inst/gen_wr_a.gen_byte_narrow.for_mem_cols[1].mem_reg/ADDRARDADDR[13] (net: i_croc_soc/i_croc/gen_sram_bank[0].i_sram/i_tc_sram/gen_1_ports.i_xpm_memory_spram/xpm_memory_base_inst/addra[8]) which is driven by a register (i_croc_soc/i_croc/i_core_wrap/i_ibex/cs_registers_i/u_depc_csr/rdata_q_reg[25]) that has an active asychronous set or reset. This may cause corruption of the memory contents and/or read values when the set/reset is asserted and is not analyzed by the default static timing analysis. It is suggested to eliminate the use of a set/reset to registers driving this RAMB pin or else use a synchronous reset in which the assertion of the reset is timed by default.
Related violations: <none>

REQP-1839#5 Warning
RAMB36 async control check  
The RAMB36E1 i_croc_soc/i_croc/gen_sram_bank[0].i_sram/i_tc_sram/gen_1_ports.i_xpm_memory_spram/xpm_memory_base_inst/gen_wr_a.gen_byte_narrow.for_mem_cols[1].mem_reg has an input control pin i_croc_soc/i_croc/gen_sram_bank[0].i_sram/i_tc_sram/gen_1_ports.i_xpm_memory_spram/xpm_memory_base_inst/gen_wr_a.gen_byte_narrow.for_mem_cols[1].mem_reg/ADDRARDADDR[13] (net: i_croc_soc/i_croc/gen_sram_bank[0].i_sram/i_tc_sram/gen_1_ports.i_xpm_memory_spram/xpm_memory_base_inst/addra[8]) which is driven by a register (i_croc_soc/i_croc/i_core_wrap/i_ibex/cs_registers_i/u_depc_csr/rdata_q_reg[28]) that has an active asychronous set or reset. This may cause corruption of the memory contents and/or read values when the set/reset is asserted and is not analyzed by the default static timing analysis. It is suggested to eliminate the use of a set/reset to registers driving this RAMB pin or else use a synchronous reset in which the assertion of the reset is timed by default.
Related violations: <none>

REQP-1839#6 Warning
RAMB36 async control check  
The RAMB36E1 i_croc_soc/i_croc/gen_sram_bank[0].i_sram/i_tc_sram/gen_1_ports.i_xpm_memory_spram/xpm_memory_base_inst/gen_wr_a.gen_byte_narrow.for_mem_cols[1].mem_reg has an input control pin i_croc_soc/i_croc/gen_sram_bank[0].i_sram/i_tc_sram/gen_1_ports.i_xpm_memory_spram/xpm_memory_base_inst/gen_wr_a.gen_byte_narrow.for_mem_cols[1].mem_reg/ADDRARDADDR[13] (net: i_croc_soc/i_croc/gen_sram_bank[0].i_sram/i_tc_sram/gen_1_ports.i_xpm_memory_spram/xpm_memory_base_inst/addra[8]) which is driven by a register (i_croc_soc/i_croc/i_core_wrap/i_ibex/cs_registers_i/u_depc_csr/rdata_q_reg[29]) that has an active asychronous set or reset. This may cause corruption of the memory contents and/or read values when the set/reset is asserted and is not analyzed by the default static timing analysis. It is suggested to eliminate the use of a set/reset to registers driving this RAMB pin or else use a synchronous reset in which the assertion of the reset is timed by default.
Related violations: <none>

REQP-1839#7 Warning
RAMB36 async control check  
The RAMB36E1 i_croc_soc/i_croc/gen_sram_bank[0].i_sram/i_tc_sram/gen_1_ports.i_xpm_memory_spram/xpm_memory_base_inst/gen_wr_a.gen_byte_narrow.for_mem_cols[1].mem_reg has an input control pin i_croc_soc/i_croc/gen_sram_bank[0].i_sram/i_tc_sram/gen_1_ports.i_xpm_memory_spram/xpm_memory_base_inst/gen_wr_a.gen_byte_narrow.for_mem_cols[1].mem_reg/ADDRARDADDR[13] (net: i_croc_soc/i_croc/gen_sram_bank[0].i_sram/i_tc_sram/gen_1_ports.i_xpm_memory_spram/xpm_memory_base_inst/addra[8]) which is driven by a register (i_croc_soc/i_croc/i_core_wrap/i_ibex/cs_registers_i/u_depc_csr/rdata_q_reg[30]) that has an active asychronous set or reset. This may cause corruption of the memory contents and/or read values when the set/reset is asserted and is not analyzed by the default static timing analysis. It is suggested to eliminate the use of a set/reset to registers driving this RAMB pin or else use a synchronous reset in which the assertion of the reset is timed by default.
Related violations: <none>

REQP-1839#8 Warning
RAMB36 async control check  
The RAMB36E1 i_croc_soc/i_croc/gen_sram_bank[0].i_sram/i_tc_sram/gen_1_ports.i_xpm_memory_spram/xpm_memory_base_inst/gen_wr_a.gen_byte_narrow.for_mem_cols[1].mem_reg has an input control pin i_croc_soc/i_croc/gen_sram_bank[0].i_sram/i_tc_sram/gen_1_ports.i_xpm_memory_spram/xpm_memory_base_inst/gen_wr_a.gen_byte_narrow.for_mem_cols[1].mem_reg/ADDRARDADDR[13] (net: i_croc_soc/i_croc/gen_sram_bank[0].i_sram/i_tc_sram/gen_1_ports.i_xpm_memory_spram/xpm_memory_base_inst/addra[8]) which is driven by a register (i_croc_soc/i_croc/i_core_wrap/i_ibex/id_stage_i/branch_set_raw_q_reg) that has an active asychronous set or reset. This may cause corruption of the memory contents and/or read values when the set/reset is asserted and is not analyzed by the default static timing analysis. It is suggested to eliminate the use of a set/reset to registers driving this RAMB pin or else use a synchronous reset in which the assertion of the reset is timed by default.
Related violations: <none>

REQP-1839#9 Warning
RAMB36 async control check  
The RAMB36E1 i_croc_soc/i_croc/gen_sram_bank[0].i_sram/i_tc_sram/gen_1_ports.i_xpm_memory_spram/xpm_memory_base_inst/gen_wr_a.gen_byte_narrow.for_mem_cols[1].mem_reg has an input control pin i_croc_soc/i_croc/gen_sram_bank[0].i_sram/i_tc_sram/gen_1_ports.i_xpm_memory_spram/xpm_memory_base_inst/gen_wr_a.gen_byte_narrow.for_mem_cols[1].mem_reg/ADDRARDADDR[13] (net: i_croc_soc/i_croc/gen_sram_bank[0].i_sram/i_tc_sram/gen_1_ports.i_xpm_memory_spram/xpm_memory_base_inst/addra[8]) which is driven by a register (i_croc_soc/i_croc/i_core_wrap/i_ibex/if_stage_i/pc_id_o_reg[9]) that has an active asychronous set or reset. This may cause corruption of the memory contents and/or read values when the set/reset is asserted and is not analyzed by the default static timing analysis. It is suggested to eliminate the use of a set/reset to registers driving this RAMB pin or else use a synchronous reset in which the assertion of the reset is timed by default.
Related violations: <none>

REQP-1839#10 Warning
RAMB36 async control check  
The RAMB36E1 i_croc_soc/i_croc/gen_sram_bank[0].i_sram/i_tc_sram/gen_1_ports.i_xpm_memory_spram/xpm_memory_base_inst/gen_wr_a.gen_byte_narrow.for_mem_cols[1].mem_reg has an input control pin i_croc_soc/i_croc/gen_sram_bank[0].i_sram/i_tc_sram/gen_1_ports.i_xpm_memory_spram/xpm_memory_base_inst/gen_wr_a.gen_byte_narrow.for_mem_cols[1].mem_reg/ADDRARDADDR[13] (net: i_croc_soc/i_croc/gen_sram_bank[0].i_sram/i_tc_sram/gen_1_ports.i_xpm_memory_spram/xpm_memory_base_inst/addra[8]) which is driven by a register (i_croc_soc/i_croc/i_core_wrap/i_ibex/if_stage_i/prefetch_buffer_i/fetch_addr_q_reg[10]) that has an active asychronous set or reset. This may cause corruption of the memory contents and/or read values when the set/reset is asserted and is not analyzed by the default static timing analysis. It is suggested to eliminate the use of a set/reset to registers driving this RAMB pin or else use a synchronous reset in which the assertion of the reset is timed by default.
Related violations: <none>

REQP-1839#11 Warning
RAMB36 async control check  
The RAMB36E1 i_croc_soc/i_croc/gen_sram_bank[0].i_sram/i_tc_sram/gen_1_ports.i_xpm_memory_spram/xpm_memory_base_inst/gen_wr_a.gen_byte_narrow.for_mem_cols[1].mem_reg has an input control pin i_croc_soc/i_croc/gen_sram_bank[0].i_sram/i_tc_sram/gen_1_ports.i_xpm_memory_spram/xpm_memory_base_inst/gen_wr_a.gen_byte_narrow.for_mem_cols[1].mem_reg/ADDRARDADDR[13] (net: i_croc_soc/i_croc/gen_sram_bank[0].i_sram/i_tc_sram/gen_1_ports.i_xpm_memory_spram/xpm_memory_base_inst/addra[8]) which is driven by a register (i_croc_soc/i_croc/i_core_wrap/i_ibex/if_stage_i/prefetch_buffer_i/fetch_addr_q_reg[21]) that has an active asychronous set or reset. This may cause corruption of the memory contents and/or read values when the set/reset is asserted and is not analyzed by the default static timing analysis. It is suggested to eliminate the use of a set/reset to registers driving this RAMB pin or else use a synchronous reset in which the assertion of the reset is timed by default.
Related violations: <none>

REQP-1839#12 Warning
RAMB36 async control check  
The RAMB36E1 i_croc_soc/i_croc/gen_sram_bank[0].i_sram/i_tc_sram/gen_1_ports.i_xpm_memory_spram/xpm_memory_base_inst/gen_wr_a.gen_byte_narrow.for_mem_cols[1].mem_reg has an input control pin i_croc_soc/i_croc/gen_sram_bank[0].i_sram/i_tc_sram/gen_1_ports.i_xpm_memory_spram/xpm_memory_base_inst/gen_wr_a.gen_byte_narrow.for_mem_cols[1].mem_reg/ADDRARDADDR[13] (net: i_croc_soc/i_croc/gen_sram_bank[0].i_sram/i_tc_sram/gen_1_ports.i_xpm_memory_spram/xpm_memory_base_inst/addra[8]) which is driven by a register (i_croc_soc/i_croc/i_core_wrap/i_ibex/if_stage_i/prefetch_buffer_i/fetch_addr_q_reg[22]) that has an active asychronous set or reset. This may cause corruption of the memory contents and/or read values when the set/reset is asserted and is not analyzed by the default static timing analysis. It is suggested to eliminate the use of a set/reset to registers driving this RAMB pin or else use a synchronous reset in which the assertion of the reset is timed by default.
Related violations: <none>

REQP-1839#13 Warning
RAMB36 async control check  
The RAMB36E1 i_croc_soc/i_croc/gen_sram_bank[0].i_sram/i_tc_sram/gen_1_ports.i_xpm_memory_spram/xpm_memory_base_inst/gen_wr_a.gen_byte_narrow.for_mem_cols[1].mem_reg has an input control pin i_croc_soc/i_croc/gen_sram_bank[0].i_sram/i_tc_sram/gen_1_ports.i_xpm_memory_spram/xpm_memory_base_inst/gen_wr_a.gen_byte_narrow.for_mem_cols[1].mem_reg/ADDRARDADDR[13] (net: i_croc_soc/i_croc/gen_sram_bank[0].i_sram/i_tc_sram/gen_1_ports.i_xpm_memory_spram/xpm_memory_base_inst/addra[8]) which is driven by a register (i_croc_soc/i_croc/i_core_wrap/i_ibex/if_stage_i/prefetch_buffer_i/fetch_addr_q_reg[23]) that has an active asychronous set or reset. This may cause corruption of the memory contents and/or read values when the set/reset is asserted and is not analyzed by the default static timing analysis. It is suggested to eliminate the use of a set/reset to registers driving this RAMB pin or else use a synchronous reset in which the assertion of the reset is timed by default.
Related violations: <none>

REQP-1839#14 Warning
RAMB36 async control check  
The RAMB36E1 i_croc_soc/i_croc/gen_sram_bank[0].i_sram/i_tc_sram/gen_1_ports.i_xpm_memory_spram/xpm_memory_base_inst/gen_wr_a.gen_byte_narrow.for_mem_cols[1].mem_reg has an input control pin i_croc_soc/i_croc/gen_sram_bank[0].i_sram/i_tc_sram/gen_1_ports.i_xpm_memory_spram/xpm_memory_base_inst/gen_wr_a.gen_byte_narrow.for_mem_cols[1].mem_reg/ADDRARDADDR[13] (net: i_croc_soc/i_croc/gen_sram_bank[0].i_sram/i_tc_sram/gen_1_ports.i_xpm_memory_spram/xpm_memory_base_inst/addra[8]) which is driven by a register (i_croc_soc/i_croc/i_core_wrap/i_ibex/if_stage_i/prefetch_buffer_i/fetch_addr_q_reg[24]) that has an active asychronous set or reset. This may cause corruption of the memory contents and/or read values when the set/reset is asserted and is not analyzed by the default static timing analysis. It is suggested to eliminate the use of a set/reset to registers driving this RAMB pin or else use a synchronous reset in which the assertion of the reset is timed by default.
Related violations: <none>

REQP-1839#15 Warning
RAMB36 async control check  
The RAMB36E1 i_croc_soc/i_croc/gen_sram_bank[0].i_sram/i_tc_sram/gen_1_ports.i_xpm_memory_spram/xpm_memory_base_inst/gen_wr_a.gen_byte_narrow.for_mem_cols[1].mem_reg has an input control pin i_croc_soc/i_croc/gen_sram_bank[0].i_sram/i_tc_sram/gen_1_ports.i_xpm_memory_spram/xpm_memory_base_inst/gen_wr_a.gen_byte_narrow.for_mem_cols[1].mem_reg/ADDRARDADDR[13] (net: i_croc_soc/i_croc/gen_sram_bank[0].i_sram/i_tc_sram/gen_1_ports.i_xpm_memory_spram/xpm_memory_base_inst/addra[8]) which is driven by a register (i_croc_soc/i_croc/i_core_wrap/i_ibex/if_stage_i/prefetch_buffer_i/fetch_addr_q_reg[25]) that has an active asychronous set or reset. This may cause corruption of the memory contents and/or read values when the set/reset is asserted and is not analyzed by the default static timing analysis. It is suggested to eliminate the use of a set/reset to registers driving this RAMB pin or else use a synchronous reset in which the assertion of the reset is timed by default.
Related violations: <none>

REQP-1839#16 Warning
RAMB36 async control check  
The RAMB36E1 i_croc_soc/i_croc/gen_sram_bank[0].i_sram/i_tc_sram/gen_1_ports.i_xpm_memory_spram/xpm_memory_base_inst/gen_wr_a.gen_byte_narrow.for_mem_cols[1].mem_reg has an input control pin i_croc_soc/i_croc/gen_sram_bank[0].i_sram/i_tc_sram/gen_1_ports.i_xpm_memory_spram/xpm_memory_base_inst/gen_wr_a.gen_byte_narrow.for_mem_cols[1].mem_reg/ADDRARDADDR[13] (net: i_croc_soc/i_croc/gen_sram_bank[0].i_sram/i_tc_sram/gen_1_ports.i_xpm_memory_spram/xpm_memory_base_inst/addra[8]) which is driven by a register (i_croc_soc/i_croc/i_core_wrap/i_ibex/if_stage_i/prefetch_buffer_i/fetch_addr_q_reg[26]) that has an active asychronous set or reset. This may cause corruption of the memory contents and/or read values when the set/reset is asserted and is not analyzed by the default static timing analysis. It is suggested to eliminate the use of a set/reset to registers driving this RAMB pin or else use a synchronous reset in which the assertion of the reset is timed by default.
Related violations: <none>

REQP-1839#17 Warning
RAMB36 async control check  
The RAMB36E1 i_croc_soc/i_croc/gen_sram_bank[0].i_sram/i_tc_sram/gen_1_ports.i_xpm_memory_spram/xpm_memory_base_inst/gen_wr_a.gen_byte_narrow.for_mem_cols[1].mem_reg has an input control pin i_croc_soc/i_croc/gen_sram_bank[0].i_sram/i_tc_sram/gen_1_ports.i_xpm_memory_spram/xpm_memory_base_inst/gen_wr_a.gen_byte_narrow.for_mem_cols[1].mem_reg/ADDRARDADDR[13] (net: i_croc_soc/i_croc/gen_sram_bank[0].i_sram/i_tc_sram/gen_1_ports.i_xpm_memory_spram/xpm_memory_base_inst/addra[8]) which is driven by a register (i_croc_soc/i_croc/i_core_wrap/i_ibex/if_stage_i/prefetch_buffer_i/fetch_addr_q_reg[27]) that has an active asychronous set or reset. This may cause corruption of the memory contents and/or read values when the set/reset is asserted and is not analyzed by the default static timing analysis. It is suggested to eliminate the use of a set/reset to registers driving this RAMB pin or else use a synchronous reset in which the assertion of the reset is timed by default.
Related violations: <none>

REQP-1839#18 Warning
RAMB36 async control check  
The RAMB36E1 i_croc_soc/i_croc/gen_sram_bank[0].i_sram/i_tc_sram/gen_1_ports.i_xpm_memory_spram/xpm_memory_base_inst/gen_wr_a.gen_byte_narrow.for_mem_cols[1].mem_reg has an input control pin i_croc_soc/i_croc/gen_sram_bank[0].i_sram/i_tc_sram/gen_1_ports.i_xpm_memory_spram/xpm_memory_base_inst/gen_wr_a.gen_byte_narrow.for_mem_cols[1].mem_reg/ADDRARDADDR[13] (net: i_croc_soc/i_croc/gen_sram_bank[0].i_sram/i_tc_sram/gen_1_ports.i_xpm_memory_spram/xpm_memory_base_inst/addra[8]) which is driven by a register (i_croc_soc/i_croc/i_core_wrap/i_ibex/if_stage_i/prefetch_buffer_i/fetch_addr_q_reg[28]) that has an active asychronous set or reset. This may cause corruption of the memory contents and/or read values when the set/reset is asserted and is not analyzed by the default static timing analysis. It is suggested to eliminate the use of a set/reset to registers driving this RAMB pin or else use a synchronous reset in which the assertion of the reset is timed by default.
Related violations: <none>

REQP-1839#19 Warning
RAMB36 async control check  
The RAMB36E1 i_croc_soc/i_croc/gen_sram_bank[0].i_sram/i_tc_sram/gen_1_ports.i_xpm_memory_spram/xpm_memory_base_inst/gen_wr_a.gen_byte_narrow.for_mem_cols[1].mem_reg has an input control pin i_croc_soc/i_croc/gen_sram_bank[0].i_sram/i_tc_sram/gen_1_ports.i_xpm_memory_spram/xpm_memory_base_inst/gen_wr_a.gen_byte_narrow.for_mem_cols[1].mem_reg/ADDRARDADDR[13] (net: i_croc_soc/i_croc/gen_sram_bank[0].i_sram/i_tc_sram/gen_1_ports.i_xpm_memory_spram/xpm_memory_base_inst/addra[8]) which is driven by a register (i_croc_soc/i_croc/i_core_wrap/i_ibex/if_stage_i/prefetch_buffer_i/fetch_addr_q_reg[29]) that has an active asychronous set or reset. This may cause corruption of the memory contents and/or read values when the set/reset is asserted and is not analyzed by the default static timing analysis. It is suggested to eliminate the use of a set/reset to registers driving this RAMB pin or else use a synchronous reset in which the assertion of the reset is timed by default.
Related violations: <none>

REQP-1839#20 Warning
RAMB36 async control check  
The RAMB36E1 i_croc_soc/i_croc/gen_sram_bank[0].i_sram/i_tc_sram/gen_1_ports.i_xpm_memory_spram/xpm_memory_base_inst/gen_wr_a.gen_byte_narrow.for_mem_cols[1].mem_reg has an input control pin i_croc_soc/i_croc/gen_sram_bank[0].i_sram/i_tc_sram/gen_1_ports.i_xpm_memory_spram/xpm_memory_base_inst/gen_wr_a.gen_byte_narrow.for_mem_cols[1].mem_reg/ADDRARDADDR[13] (net: i_croc_soc/i_croc/gen_sram_bank[0].i_sram/i_tc_sram/gen_1_ports.i_xpm_memory_spram/xpm_memory_base_inst/addra[8]) which is driven by a register (i_croc_soc/i_croc/i_core_wrap/i_ibex/if_stage_i/prefetch_buffer_i/fetch_addr_q_reg[2]) that has an active asychronous set or reset. This may cause corruption of the memory contents and/or read values when the set/reset is asserted and is not analyzed by the default static timing analysis. It is suggested to eliminate the use of a set/reset to registers driving this RAMB pin or else use a synchronous reset in which the assertion of the reset is timed by default.
Related violations: <none>

ZPS7-1#1 Warning
PS7 block required  
The PS7 cell must be used in this Zynq design in order to enable correct default configuration.
Related violations: <none>


